


ARM Macro Assembler    Page 1 


    1 00000000                 AREA             RESET,DATA,READONLY
    2 00000000                 EXPORT           __Vectors
    3 00000000         __Vectors
    4 00000000 40000000        DCD              0X40000000
    5 00000004 00000000        DCD              Reset_Handler
    6 00000008                 ALIGN
    7 00000008                 AREA             mycode,CODE,READONLY
    8 00000000                 ENTRY
    9 00000000                 EXPORT           Reset_Handler
   10 00000000         Reset_Handler
   11 00000000 4804            LDR              R0,=SRC
   12 00000002 4905            LDR              R1,=DST
   13 00000004 6803            LDR              R3,[R0]
   14 00000006 600B            STR              R3,[R1]
   15 00000008 E7FE    STOP    B                STOP
   16 0000000A 00 00 00000008 
              00123456 SRC     DCD              8,0X123456
   17 00000014 00000000 
              00000000         AREA             DATASEG,DATA,READWRITE
   18 00000000 00000000 
                       DST     DCD              0
   19 00000004                 END
Command Line: --debug --xref --cpu=Cortex-M3 --apcs=interwork --depend=lab1_2.d
 -olab1_2.o -IC:\Keil\ARM\RV31\INC -IC:\Keil\ARM\CMSIS\Include -IC:\Keil\ARM\In
c\NXP\LPC17xx --predefine="__EVAL SETA 1" --list=lab1_2.lst lab1_2.asm



ARM Macro Assembler    Page 1 Alphabetic symbol ordering
Relocatable symbols

RESET 00000000

Symbol: RESET
   Definitions
      At line 1 in file lab1_2.asm
   Uses
      None
Comment: RESET unused
__Vectors 00000000

Symbol: __Vectors
   Definitions
      At line 3 in file lab1_2.asm
   Uses
      At line 2 in file lab1_2.asm
Comment: __Vectors used once
2 symbols



ARM Macro Assembler    Page 1 Alphabetic symbol ordering
Relocatable symbols

Reset_Handler 00000000

Symbol: Reset_Handler
   Definitions
      At line 10 in file lab1_2.asm
   Uses
      At line 5 in file lab1_2.asm
      At line 9 in file lab1_2.asm

SRC 0000000C

Symbol: SRC
   Definitions
      At line 16 in file lab1_2.asm
   Uses
      At line 11 in file lab1_2.asm
Comment: SRC used once
STOP 00000008

Symbol: STOP
   Definitions
      At line 15 in file lab1_2.asm
   Uses
      At line 15 in file lab1_2.asm
Comment: STOP used once
mycode 00000000

Symbol: mycode
   Definitions
      At line 7 in file lab1_2.asm
   Uses
      None
Comment: mycode unused
4 symbols



ARM Macro Assembler    Page 1 Alphabetic symbol ordering
Relocatable symbols

DATASEG 00000000

Symbol: DATASEG
   Definitions
      At line 17 in file lab1_2.asm
   Uses
      None
Comment: DATASEG unused
DST 00000000

Symbol: DST
   Definitions
      At line 18 in file lab1_2.asm
   Uses
      At line 12 in file lab1_2.asm
Comment: DST used once
2 symbols
341 symbols in table
