


ARM Macro Assembler    Page 1 


    1 00000000                 AREA             RESET,DATA,READONLY
    2 00000000                 EXPORT           __Vectors
    3 00000000         __Vectors
    4 00000000 40000000        DCD              0X40000000
    5 00000004 00000000        DCD              Reset_Handler
    6 00000008                 ALIGN
    7 00000008                 AREA             mycode,CODE,READONLY
    8 00000000                 ENTRY
    9 00000000                 EXPORT           Reset_Handler
   10 00000000         Reset_Handler
   11 00000000         
   12 00000000 4808            LDR              R0,=VALUE1
   13 00000002 6801            LDR              R1,[R0]
   14 00000004 4A08            LDR              R2,=VALUE2
   15 00000006 6813            LDR              R3,[R2]
   16 00000008 4D08            LDR              R5,=RESULT
   17 0000000A F04F 0605       MOV              R6,#5
   18 0000000E         UP
   19 0000000E 187F            ADDS             R7,R1
   20 00000010 F1A6 0601       SUB              R6,#1
   21 00000014 F096 0F00       TEQ              R6,#0
   22 00000018 D1F9            BNE              UP
   23 0000001A         
   24 0000001A E7FE    STOP    B                STOP
   25 0000001C 00001234 
                       VALUE1  DCD              0X1234
   26 00000020 00000005 
                       VALUE2  DCD              0X5
   27 00000024 00000000 
              00000000 
              00000000         AREA             data,DATA,READWRITE
   28 00000000 00000000 
                       RESULT  DCD              0
   29 00000004                 END
Command Line: --debug --xref --cpu=Cortex-M3 --apcs=interwork --depend=lab3_1.d
 -olab3_1.o -IC:\Keil\ARM\RV31\INC -IC:\Keil\ARM\CMSIS\Include -IC:\Keil\ARM\In
c\NXP\LPC17xx --predefine="__EVAL SETA 1" --list=lab3_1.lst lab3_1.asm



ARM Macro Assembler    Page 1 Alphabetic symbol ordering
Relocatable symbols

RESET 00000000

Symbol: RESET
   Definitions
      At line 1 in file lab3_1.asm
   Uses
      None
Comment: RESET unused
__Vectors 00000000

Symbol: __Vectors
   Definitions
      At line 3 in file lab3_1.asm
   Uses
      At line 2 in file lab3_1.asm
Comment: __Vectors used once
2 symbols



ARM Macro Assembler    Page 1 Alphabetic symbol ordering
Relocatable symbols

Reset_Handler 00000000

Symbol: Reset_Handler
   Definitions
      At line 10 in file lab3_1.asm
   Uses
      At line 5 in file lab3_1.asm
      At line 9 in file lab3_1.asm

STOP 0000001A

Symbol: STOP
   Definitions
      At line 24 in file lab3_1.asm
   Uses
      At line 24 in file lab3_1.asm
Comment: STOP used once
UP 0000000E

Symbol: UP
   Definitions
      At line 18 in file lab3_1.asm
   Uses
      At line 22 in file lab3_1.asm
Comment: UP used once
VALUE1 0000001C

Symbol: VALUE1
   Definitions
      At line 25 in file lab3_1.asm
   Uses
      At line 12 in file lab3_1.asm
Comment: VALUE1 used once
VALUE2 00000020

Symbol: VALUE2
   Definitions
      At line 26 in file lab3_1.asm
   Uses
      At line 14 in file lab3_1.asm
Comment: VALUE2 used once
mycode 00000000

Symbol: mycode
   Definitions
      At line 7 in file lab3_1.asm
   Uses
      None
Comment: mycode unused
6 symbols



ARM Macro Assembler    Page 1 Alphabetic symbol ordering
Relocatable symbols

RESULT 00000000

Symbol: RESULT
   Definitions
      At line 28 in file lab3_1.asm
   Uses
      At line 16 in file lab3_1.asm
Comment: RESULT used once
data 00000000

Symbol: data
   Definitions
      At line 27 in file lab3_1.asm
   Uses
      None
Comment: data unused
2 symbols
343 symbols in table
