


ARM Macro Assembler    Page 1 


    1 00000000                 AREA             RESET, DATA, READONLY
    2 00000000                 EXPORT           __Vectors
    3 00000000         __Vectors
    4 00000000 10001000        DCD              0x10001000
    5 00000004 00000000        DCD              Reset_Handler
    6 00000008                 ALIGN
    7 00000008                 AREA             myCode6, CODE, READONLY
    8 00000000                 ENTRY
    9 00000000                 EXPORT           Reset_Handler
   10 00000000         
   11 00000000         Reset_Handler
   12 00000000         
   13 00000000 4809            LDR              R0, =NUM1
   14 00000002 6801            LDR              R1, [R0]
   15 00000004 4809            LDR              R0, =NUM2
   16 00000006 6802            LDR              R2, [R0]
   17 00000008 460B            MOV              R3,R1
   18 0000000A 4614            MOV              R4,R2
   19 0000000C 42A3    UP      CMP              R3,R4
   20 0000000E D004            BEQ              EXIT
   21 00000010 BF88 18A4       ADDHI            R4,R4,R2
   22 00000014 BF38 185B       ADDLO            R3,R3,R1
   23 00000018 E7F8            B                UP
   24 0000001A         EXIT
   25 0000001A 4805            LDR              R0,=RESULT
   26 0000001C 6004            STR              R4,[R0]
   27 0000001E E7FE    STOP    B                STOP
   28 00000020 00000009 
                       NUM1    DCD              9
   29 00000024 00000006 
                       NUM2    DCD              6
   30 00000028 00000000 
              00000000 
              00000000         AREA             DATASEG, DATA, READWRITE
   31 00000000 00000000 
                       RESULT  DCD              0
   32 00000004                 END
Command Line: --debug --xref --cpu=Cortex-M3 --apcs=interwork --depend=lab3_5.d
 -olab3_5.o -IC:\Keil\ARM\RV31\INC -IC:\Keil\ARM\CMSIS\Include -IC:\Keil\ARM\In
c\NXP\LPC17xx --predefine="__EVAL SETA 1" --list=lab3_5.lst lab3_5.asm



ARM Macro Assembler    Page 1 Alphabetic symbol ordering
Relocatable symbols

RESET 00000000

Symbol: RESET
   Definitions
      At line 1 in file lab3_5.asm
   Uses
      None
Comment: RESET unused
__Vectors 00000000

Symbol: __Vectors
   Definitions
      At line 3 in file lab3_5.asm
   Uses
      At line 2 in file lab3_5.asm
Comment: __Vectors used once
2 symbols



ARM Macro Assembler    Page 1 Alphabetic symbol ordering
Relocatable symbols

EXIT 0000001A

Symbol: EXIT
   Definitions
      At line 24 in file lab3_5.asm
   Uses
      At line 20 in file lab3_5.asm
Comment: EXIT used once
NUM1 00000020

Symbol: NUM1
   Definitions
      At line 28 in file lab3_5.asm
   Uses
      At line 13 in file lab3_5.asm
Comment: NUM1 used once
NUM2 00000024

Symbol: NUM2
   Definitions
      At line 29 in file lab3_5.asm
   Uses
      At line 15 in file lab3_5.asm
Comment: NUM2 used once
Reset_Handler 00000000

Symbol: Reset_Handler
   Definitions
      At line 11 in file lab3_5.asm
   Uses
      At line 5 in file lab3_5.asm
      At line 9 in file lab3_5.asm

STOP 0000001E

Symbol: STOP
   Definitions
      At line 27 in file lab3_5.asm
   Uses
      At line 27 in file lab3_5.asm
Comment: STOP used once
UP 0000000C

Symbol: UP
   Definitions
      At line 19 in file lab3_5.asm
   Uses
      At line 23 in file lab3_5.asm
Comment: UP used once
myCode6 00000000

Symbol: myCode6
   Definitions
      At line 7 in file lab3_5.asm
   Uses
      None
Comment: myCode6 unused
7 symbols



ARM Macro Assembler    Page 1 Alphabetic symbol ordering
Relocatable symbols

DATASEG 00000000

Symbol: DATASEG
   Definitions
      At line 30 in file lab3_5.asm
   Uses
      None
Comment: DATASEG unused
RESULT 00000000

Symbol: RESULT
   Definitions
      At line 31 in file lab3_5.asm
   Uses
      At line 25 in file lab3_5.asm
Comment: RESULT used once
2 symbols
344 symbols in table
